running bdist_wheel
running build
running build_py
copying src/jaxpropka/cli.py -> build/lib/jaxpropka
copying src/jaxpropka/reference.py -> build/lib/jaxpropka
copying src/jaxpropka/synthetic.py -> build/lib/jaxpropka
copying src/jaxpropka/cache.py -> build/lib/jaxpropka
copying src/jaxpropka/__init__.py -> build/lib/jaxpropka
copying src/jaxpropka/geometry.py -> build/lib/jaxpropka
copying src/jaxpropka/__main__.py -> build/lib/jaxpropka
copying src/jaxpropka/parameters.py -> build/lib/jaxpropka
copying src/jaxpropka/precompute.py -> build/lib/jaxpropka
copying src/jaxpropka/model.py -> build/lib/jaxpropka
copying src/jaxpropka/topology.py -> build/lib/jaxpropka
running egg_info
writing src/jax_propka.egg-info/PKG-INFO
writing dependency_links to src/jax_propka.egg-info/dependency_links.txt
writing entry points to src/jax_propka.egg-info/entry_points.txt
writing requirements to src/jax_propka.egg-info/requires.txt
writing top-level names to src/jax_propka.egg-info/top_level.txt
reading manifest file 'src/jax_propka.egg-info/SOURCES.txt'
adding license file 'LICENSE'
writing manifest file 'src/jax_propka.egg-info/SOURCES.txt'
installing to build/bdist.linux-x86_64/wheel
running install
running install_lib
creating build/bdist.linux-x86_64/wheel
creating build/bdist.linux-x86_64/wheel/jaxpropka
copying build/lib/jaxpropka/cli.py -> build/bdist.linux-x86_64/wheel/./jaxpropka
copying build/lib/jaxpropka/reference.py -> build/bdist.linux-x86_64/wheel/./jaxpropka
copying build/lib/jaxpropka/synthetic.py -> build/bdist.linux-x86_64/wheel/./jaxpropka
copying build/lib/jaxpropka/cache.py -> build/bdist.linux-x86_64/wheel/./jaxpropka
copying build/lib/jaxpropka/__init__.py -> build/bdist.linux-x86_64/wheel/./jaxpropka
copying build/lib/jaxpropka/geometry.py -> build/bdist.linux-x86_64/wheel/./jaxpropka
copying build/lib/jaxpropka/__main__.py -> build/bdist.linux-x86_64/wheel/./jaxpropka
copying build/lib/jaxpropka/parameters.py -> build/bdist.linux-x86_64/wheel/./jaxpropka
copying build/lib/jaxpropka/precompute.py -> build/bdist.linux-x86_64/wheel/./jaxpropka
copying build/lib/jaxpropka/model.py -> build/bdist.linux-x86_64/wheel/./jaxpropka
copying build/lib/jaxpropka/topology.py -> build/bdist.linux-x86_64/wheel/./jaxpropka
running install_egg_info
Copying src/jax_propka.egg-info to build/bdist.linux-x86_64/wheel/./jax_propka-0.1.0-py3.13.egg-info
running install_scripts
creating build/bdist.linux-x86_64/wheel/jax_propka-0.1.0.dist-info/WHEEL
creating '/mnt/data/jax-propka/dist/.tmp-ljrkh1ta/jax_propka-0.1.0-py3-none-any.whl' and adding 'build/bdist.linux-x86_64/wheel' to it
adding 'jax_propka-0.1.0.dist-info/licenses/LICENSE'
adding 'jaxpropka/__init__.py'
adding 'jaxpropka/__main__.py'
adding 'jaxpropka/cache.py'
adding 'jaxpropka/cli.py'
adding 'jaxpropka/geometry.py'
adding 'jaxpropka/model.py'
adding 'jaxpropka/parameters.py'
adding 'jaxpropka/precompute.py'
adding 'jaxpropka/reference.py'
adding 'jaxpropka/synthetic.py'
adding 'jaxpropka/topology.py'
adding 'jax_propka-0.1.0.dist-info/METADATA'
adding 'jax_propka-0.1.0.dist-info/WHEEL'
adding 'jax_propka-0.1.0.dist-info/entry_points.txt'
adding 'jax_propka-0.1.0.dist-info/top_level.txt'
adding 'jax_propka-0.1.0.dist-info/RECORD'
removing build/bdist.linux-x86_64/wheel
jax_propka-0.1.0-py3-none-any.whl
